\BOOKMARK [1][-]{section.1}{\376\377\000G\000i\036\333\000i\000\040\000t\000h\000i\036\307\000u}{}% 1
\BOOKMARK [1][-]{section.2}{\376\377\000C\000\364\000n\000g\000\040\000t\000r\000\354\000n\000h\000\040\000l\000i\000\352\000n\000\040\000q\000u\000a\000n}{}% 2
\BOOKMARK [2][-]{subsection.2.1}{\376\377\000P\000h\000\341\000t\000\040\000h\000i\036\307\000n\000\040\000p\000h\000\341\000t\000\040\000n\000g\000\364\000n\000\040\000t\000h\000\371\000\040\000g\000h\000\351\000t\000\040\000v\000\340\000\040\000t\000h\000\371\000\040\000g\000h\000\351\000t\000\040\000h\000\340\000m\000\040\036\251\000n}{section.2}% 3
\BOOKMARK [2][-]{subsection.2.2}{\376\377\000A\000m\000p\000l\000e\000H\000a\000t\000e}{section.2}% 4
\BOOKMARK [2][-]{subsection.2.3}{\376\377\000P\000h\000\341\000t\000\040\000h\000i\036\307\000n\000\040\000p\000h\000\341\000t\000\040\000n\000g\000\364\000n\000\040\000t\000h\000\371\000\040\000g\000h\000\351\000t\000\040\000t\000i\036\277\000n\000g\000\040\000V\000i\036\307\000t}{section.2}% 5
\BOOKMARK [2][-]{subsection.2.4}{\376\377\000P\000h\000o\000B\000E\000R\000T\000\040\000v\000\340\000\040\000c\000\341\000c\000\040\000m\000\364\000\040\000h\000\354\000n\000h\000\040\000t\000i\036\301\000n\000\040\000h\000u\036\245\000n\000\040\000l\000u\000y\036\307\000n\000\040\000t\000i\036\277\000n\000g\000\040\000V\000i\036\307\000t}{section.2}% 6
\BOOKMARK [2][-]{subsection.2.5}{\376\377\000C\000o\000n\000t\000r\000a\000s\000t\000i\000v\000e\000\040\000l\000e\000a\000r\000n\000i\000n\000g\000\040\000c\000h\000o\000\040\000p\000h\000\342\000n\000\040\000l\000o\036\241\000i\000\040\000v\001\003\000n\000\040\000b\036\243\000n}{section.2}% 7
\BOOKMARK [1][-]{section.3}{\376\377\000B\036\331\000\040\000d\036\357\000\040\000l\000i\036\307\000u}{}% 8
\BOOKMARK [2][-]{subsection.3.1}{\376\377\000V\000i\000H\000S\000D}{section.3}% 9
\BOOKMARK [2][-]{subsection.3.2}{\376\377\000V\000O\000Z\000-\000H\000S\000D}{section.3}% 10
\BOOKMARK [2][-]{subsection.3.3}{\376\377\000G\000\341\000n\000\040\000n\000h\000\343\000n\000\040\000n\000h\036\313\000\040\000p\000h\000\342\000n\000\040\000v\000\340\000\040\000t\000i\036\301\000n\000\040\000x\036\355\000\040\000l\000\375}{section.3}% 11
\BOOKMARK [2][-]{subsection.3.4}{\376\377\000X\000\342\000y\000\040\000d\036\361\000n\000g\000\040\000c\000u\000e\000\040\000b\000a\000n\000k}{section.3}% 12
\BOOKMARK [1][-]{section.4}{\376\377\000P\000h\001\260\001\241\000n\000g\000\040\000p\000h\000\341\000p}{}% 13
\BOOKMARK [2][-]{subsection.4.1}{\376\377\000P\000h\000\341\000t\000\040\000b\000i\036\303\000u\000\040\000b\000\340\000i\000\040\000t\000o\000\341\000n}{section.4}% 14
\BOOKMARK [2][-]{subsection.4.2}{\376\377\000T\000i\036\301\000n\000\040\000x\036\355\000\040\000l\000\375\000\040\000v\001\003\000n\000\040\000b\036\243\000n}{section.4}% 15
\BOOKMARK [2][-]{subsection.4.3}{\376\377\000T\000r\000\355\000c\000h\000\040\000x\000u\036\245\000t\000\040\001\021\000a\000\040\000t\000\355\000n\000\040\000h\000i\036\307\000u\000\040\000t\000a\000r\000g\000e\000t\000\040\000v\000\340\000\040\000a\000t\000t\000a\000c\000k}{section.4}% 16
\BOOKMARK [2][-]{subsection.4.4}{\376\377\000P\000h\000o\000B\000E\000R\000T\000\040\000e\000n\000c\000o\000d\000e\000r}{section.4}% 17
\BOOKMARK [2][-]{subsection.4.5}{\376\377\000R\000e\000l\000a\000t\000i\000o\000n\000-\000b\000a\000n\000k\000\040\000a\000t\000t\000e\000n\000t\000i\000o\000n}{section.4}% 18
\BOOKMARK [2][-]{subsection.4.6}{\376\377\000B\000a\000t\000c\000h\000e\000d\000\040\000a\000t\000t\000e\000n\000t\000i\000o\000n}{section.4}% 19
\BOOKMARK [2][-]{subsection.4.7}{\376\377\000I\000n\000s\000t\000a\000n\000c\000e\000-\000a\000d\000a\000p\000t\000i\000v\000e\000\040\000r\000e\000l\000a\000t\000i\000o\000n\000\040\000g\000a\000t\000e}{section.4}% 20
\BOOKMARK [2][-]{subsection.4.8}{\376\377\000H\000\340\000m\000\040\000m\036\345\000c\000\040\000t\000i\000\352\000u\000\040\000h\000u\036\245\000n\000\040\000l\000u\000y\036\307\000n}{section.4}% 21
\BOOKMARK [2][-]{subsection.4.9}{\376\377\000I\000n\000f\000e\000r\000e\000n\000c\000e\000\040\000v\000\340\000\040\000c\000h\036\315\000n\000\040\000t\000h\000r\000e\000s\000h\000o\000l\000d}{section.4}% 22
\BOOKMARK [2][-]{subsection.4.10}{\376\377\000C\000\342\000n\000\040\000n\000h\036\257\000c\000\040\000t\000\355\000n\000h\000\040\000t\000o\000\341\000n}{section.4}% 23
\BOOKMARK [1][-]{section.5}{\376\377\000T\000h\036\361\000c\000\040\000n\000g\000h\000i\036\307\000m}{}% 24
\BOOKMARK [2][-]{subsection.5.1}{\376\377\000C\000\341\000c\000\040\000b\000a\000s\000e\000l\000i\000n\000e}{section.5}% 25
\BOOKMARK [2][-]{subsection.5.2}{\376\377\000C\000h\000i\000\040\000t\000i\036\277\000t\000\040\000t\000r\000i\036\303\000n\000\040\000k\000h\000a\000i}{section.5}% 26
\BOOKMARK [2][-]{subsection.5.3}{\376\377\001\020\036\331\000\040\001\021\000o\000\040\001\021\000\341\000n\000h\000\040\000g\000i\000\341}{section.5}% 27
\BOOKMARK [2][-]{subsection.5.4}{\376\377\000T\000h\000i\036\277\000t\000\040\000k\036\277\000\040\000t\000h\036\361\000c\000\040\000n\000g\000h\000i\036\307\000m}{section.5}% 28
\BOOKMARK [1][-]{section.6}{\376\377\000K\036\277\000t\000\040\000q\000u\036\243\000\040\000v\000\340\000\040\000p\000h\000\342\000n\000\040\000t\000\355\000c\000h\000\040\000l\036\327\000i}{}% 29
\BOOKMARK [2][-]{subsection.6.1}{\376\377\000K\036\277\000t\000\040\000q\000u\036\243\000\040\000c\000h\000\355\000n\000h}{section.6}% 30
\BOOKMARK [2][-]{subsection.6.2}{\376\377\000K\036\277\000t\000\040\000q\000u\036\243\000\040\000c\000h\000i\000\040\000t\000i\036\277\000t\000\040\000t\000h\000e\000o\000\040\000t\036\353\000n\000g\000\040\000l\036\333\000p}{section.6}% 31
\BOOKMARK [2][-]{subsection.6.3}{\376\377\000T\000\341\000c\000\040\001\021\036\331\000n\000g\000\040\000c\036\347\000a\000\040\000t\000r\000\355\000c\000h\000\040\000x\000u\036\245\000t\000\040\000t\000a\000r\000g\000e\000t\000\040\000t\000i\036\277\000n\000g\000\040\000V\000i\036\307\000t}{section.6}% 32
\BOOKMARK [2][-]{subsection.6.4}{\376\377\000P\000h\000\342\000n\000\040\000t\000\355\000c\000h\000\040\001\021\036\313\000n\000h\000\040\000t\000\355\000n\000h}{section.6}% 33
\BOOKMARK [2][-]{subsection.6.5}{\376\377\000T\000h\036\243\000o\000\040\000l\000u\036\255\000n}{section.6}% 34
\BOOKMARK [2][-]{subsection.6.6}{\376\377\000P\000h\000\342\000n\000\040\000t\000\355\000c\000h\000\040\000l\036\327\000i}{section.6}% 35
\BOOKMARK [1][-]{section.7}{\376\377\000K\036\277\000t\000\040\000l\000u\036\255\000n\000\040\000v\000\340\000\040\000h\001\260\036\333\000n\000g\000\040\000p\000h\000\341\000t\000\040\000t\000r\000i\036\303\000n}{}% 36
\BOOKMARK [1][-]{appendix.A}{\376\377\000H\000y\000p\000e\000r\000p\000a\000r\000a\000m\000e\000t\000e\000r\000s}{}% 37
\BOOKMARK [1][-]{appendix.B}{\376\377\000V\000\355\000\040\000d\036\345\000\040\000c\000u\000e\000\040\000b\000a\000n\000k}{}% 38
\BOOKMARK [1][-]{appendix.C}{\376\377\000K\000h\036\243\000\040\000n\001\003\000n\000g\000\040\000t\000\341\000i\000\040\000l\036\255\000p}{}% 39
